[Fri Apr 28 16:45:10.205654 2023] [fcgid:warn] [pid 2103511:tid 139776099493632] [client 92.158.68.246:0] mod_fcgid: stderr: [debug] Notified event "kernel.response" to listener "Symfony\\Component\\HttpKernel\\EventListener\\ErrorListener::removeCspHeader"., referer: http://raphaelfernandez.alwaysdata.net/
[Fri Apr 28 16:45:10.205656 2023] [fcgid:warn] [pid 2103511:tid 139776099493632] [client 92.158.68.246:0] mod_fcgid: stderr: [debug] Notified event "kernel.response" to listener "Symfony\\Component\\HttpKernel\\EventListener\\DisallowRobotsIndexingListener::onResponse"., referer: http://raphaelfernandez.alwaysdata.net/
[Fri Apr 28 16:45:10.205657 2023] [fcgid:warn] [pid 2103511:tid 139776099493632] [client 92.158.68.246:0] mod_fcgid: stderr: [debug] Notified event "kernel.response" to listener "Symfony\\Component\\HttpKernel\\EventListener\\SessionListener::onKernelResponse"., referer: http://raphaelfernandez.alwaysdata.net/
[Fri Apr 28 16:45:10.205659 2023] [fcgid:warn] [pid 2103511:tid 139776099493632] [client 92.158.68.246:0] mod_fcgid: stderr: [debug] Notified event "kernel.finish_request" to listener "Symfony\\Component\\HttpKernel\\EventListener\\LocaleListener::onKernelFinishRequest"., referer: http://raphaelfernandez.alwaysdata.net/
[Fri Apr 28 16:45:10.205661 2023] [fcgid:warn] [pid 2103511:tid 139776099493632] [client 92.158.68.246:0] mod_fcgid: stderr: [debug] Notified event "kernel.finish_request" to listener "Symfony\\Component\\HttpKernel\\EventListener\\RouterListener::onKernelFinishRequest"., referer: http://raphaelfernandez.alwaysdata.net/
[Fri Apr 28 16:45:10.205663 2023] [fcgid:warn] [pid 2103511:tid 139776099493632] [client 92.158.68.246:0] mod_fcgid: stderr: [debug] Notified event "kernel.finish_request" to listener "Symfony\\Bundle\\SecurityBundle\\Debug\\TraceableFirewallListener::onKernelFinishRequest"., referer: http://raphaelfernandez.alwaysdata.net/
[Fri Apr 28 16:45:10.205665 2023] [fcgid:warn] [pid 2103511:tid 139776099493632] [client 92.158.68.246:0] mod_fcgid: stderr: [debug] Notified event "kernel.finish_request" to listener "Symfony\\Component\\HttpKernel\\EventListener\\LocaleAwareListener::onKernelFinishRequest"., referer: http://raphaelfernandez.alwaysdata.net/
[Fri Apr 28 16:51:17.632664 2023] [mpm_event:notice] [pid 2073270:tid 139776132863104] AH00493: SIGUSR1 received.  Doing graceful restart
[Fri Apr 28 16:51:17.723756 2023] [fcgid:info] [pid 2103510:tid 139776132863104] mod_fcgid: process /usr/bin/env(2103800) exit(shutting down), terminated by calling exit(), return code: 0
[Fri Apr 28 16:51:17.723798 2023] [fcgid:info] [pid 2103510:tid 139776132863104] mod_fcgid: Process manager 2103510 stopped
AH00112: Warning: DocumentRoot [/home/raphaelfernandez/www/public/index.php/] does not exist
[Fri Apr 28 16:51:17.731491 2023] [mpm_event:notice] [pid 2073270:tid 139776132863104] AH00489: Apache/2.4.54 (Unix) mod_fcgid/2.3.9 configured -- resuming normal operations
[Fri Apr 28 16:51:17.731508 2023] [mpm_event:info] [pid 2073270:tid 139776132863104] AH00490: Server built: Aug 23 2022 08:24:29
[Fri Apr 28 16:51:17.731515 2023] [core:notice] [pid 2073270:tid 139776132863104] AH00094: Command line: '/usr/alwaysdata/apache/2.4.54/bin/apache -f /home/raphaelfernandez/admin/config/apache/apache.conf -D FOREGROUND'
[Fri Apr 28 16:51:17.731527 2023] [fcgid:info] [pid 2129675:tid 139776132863104] mod_fcgid: Process manager 2129675 started
[Fri Apr 28 16:51:23.886720 2023] [fcgid:info] [pid 2129675:tid 139776132863104] mod_fcgid: server raphaelfernandez.alwaysdata.net:/usr/bin/env(2130243) started
[Fri Apr 28 16:51:25.527874 2023] [fcgid:warn] [pid 2129676:tid 139776099493632] [client 92.158.68.246:0] mod_fcgid: stderr: [critical] Uncaught PHP Exception Doctrine\\DBAL\\Exception\\ConnectionException: "An exception occurred in the driver: SQLSTATE[08006] [7] connection to server at "127.0.0.1", port 5432 failed: Connection refused, referer: http://raphaelfernandez.alwaysdata.net/
[Fri Apr 28 16:51:25.527905 2023] [fcgid:warn] [pid 2129676:tid 139776099493632] [client 92.158.68.246:0] mod_fcgid: stderr: \tIs the server running on that host and accepting TCP/IP connections?" at /home/raphaelfernandez/www/vendor/doctrine/dbal/src/Driver/API/PostgreSQL/ExceptionConverter.php line 77, referer: http://raphaelfernandez.alwaysdata.net/
[Fri Apr 28 16:51:34.924787 2023] [fcgid:warn] [pid 2129676:tid 139775742830336] [client 92.158.68.246:0] mod_fcgid: stderr: [critical] Uncaught PHP Exception Doctrine\\DBAL\\Exception\\ConnectionException: "An exception occurred in the driver: SQLSTATE[08006] [7] connection to server at "127.0.0.1", port 5432 failed: Connection refused, referer: http://raphaelfernandez.alwaysdata.net/
[Fri Apr 28 16:51:34.924833 2023] [fcgid:warn] [pid 2129676:tid 139775742830336] [client 92.158.68.246:0] mod_fcgid: stderr: \tIs the server running on that host and accepting TCP/IP connections?" at /home/raphaelfernandez/www/vendor/doctrine/dbal/src/Driver/API/PostgreSQL/ExceptionConverter.php line 77, referer: http://raphaelfernandez.alwaysdata.net/
[Fri Apr 28 16:51:44.397972 2023] [fcgid:warn] [pid 2129676:tid 139775717652224] [client 92.158.68.246:0] mod_fcgid: stderr: [critical] Uncaught PHP Exception Doctrine\\DBAL\\Exception\\ConnectionException: "An exception occurred in the driver: SQLSTATE[08006] [7] connection to server at "127.0.0.1", port 5432 failed: Connection refused, referer: http://raphaelfernandez.alwaysdata.net/register
[Fri Apr 28 16:51:44.398013 2023] [fcgid:warn] [pid 2129676:tid 139775717652224] [client 92.158.68.246:0] mod_fcgid: stderr: \tIs the server running on that host and accepting TCP/IP connections?" at /home/raphaelfernandez/www/vendor/doctrine/dbal/src/Driver/API/PostgreSQL/ExceptionConverter.php line 77, referer: http://raphaelfernandez.alwaysdata.net/register
[Fri Apr 28 16:53:08.640914 2023] [fcgid:warn] [pid 2129676:tid 139775608612608] [client 92.158.68.246:0] mod_fcgid: stderr: [critical] Uncaught PHP Exception Doctrine\\DBAL\\Exception\\ConnectionException: "An exception occurred in the driver: SQLSTATE[08006] [7] connection to server at "127.0.0.1", port 5432 failed: Connection refused, referer: http://raphaelfernandez.alwaysdata.net/register
[Fri Apr 28 16:53:08.640953 2023] [fcgid:warn] [pid 2129676:tid 139775608612608] [client 92.158.68.246:0] mod_fcgid: stderr: \tIs the server running on that host and accepting TCP/IP connections?" at /home/raphaelfernandez/www/vendor/doctrine/dbal/src/Driver/API/PostgreSQL/ExceptionConverter.php line 77, referer: http://raphaelfernandez.alwaysdata.net/register
[Fri Apr 28 17:00:25.648030 2023] [mpm_event:notice] [pid 2073270:tid 139776132863104] AH00493: SIGUSR1 received.  Doing graceful restart
[Fri Apr 28 17:00:25.736353 2023] [fcgid:info] [pid 2129675:tid 139776132863104] mod_fcgid: process /usr/bin/env(2130243) exit(shutting down), terminated by calling exit(), return code: 0
[Fri Apr 28 17:00:25.736402 2023] [fcgid:info] [pid 2129675:tid 139776132863104] mod_fcgid: Process manager 2129675 stopped
AH00112: Warning: DocumentRoot [/home/raphaelfernandez/www/public/index.php/] does not exist
[Fri Apr 28 17:00:25.742923 2023] [mpm_event:notice] [pid 2073270:tid 139776132863104] AH00489: Apache/2.4.54 (Unix) mod_fcgid/2.3.9 configured -- resuming normal operations
[Fri Apr 28 17:00:25.742936 2023] [mpm_event:info] [pid 2073270:tid 139776132863104] AH00490: Server built: Aug 23 2022 08:24:29
[Fri Apr 28 17:00:25.742940 2023] [core:notice] [pid 2073270:tid 139776132863104] AH00094: Command line: '/usr/alwaysdata/apache/2.4.54/bin/apache -f /home/raphaelfernandez/admin/config/apache/apache.conf -D FOREGROUND'
[Fri Apr 28 17:00:25.742969 2023] [fcgid:info] [pid 2165638:tid 139776132863104] mod_fcgid: Process manager 2165638 started
[Fri Apr 28 17:00:27.105764 2023] [fcgid:info] [pid 2165638:tid 139776132863104] mod_fcgid: server raphaelfernandez.alwaysdata.net:/usr/bin/env(2166014) started
[Fri Apr 28 17:00:28.581052 2023] [fcgid:warn] [pid 2165639:tid 139776099493632] [client 92.158.68.246:0] mod_fcgid: stderr: [critical] Uncaught PHP Exception Doctrine\\DBAL\\Exception\\ConnectionException: "An exception occurred in the driver: SQLSTATE[08006] [7] connection to server at "127.0.0.1", port 5432 failed: Connection refused, referer: http://raphaelfernandez.alwaysdata.net/
[Fri Apr 28 17:00:28.581093 2023] [fcgid:warn] [pid 2165639:tid 139776099493632] [client 92.158.68.246:0] mod_fcgid: stderr: \tIs the server running on that host and accepting TCP/IP connections?" at /home/raphaelfernandez/www/vendor/doctrine/dbal/src/Driver/API/PostgreSQL/ExceptionConverter.php line 77, referer: http://raphaelfernandez.alwaysdata.net/
[Fri Apr 28 17:14:16.055758 2023] [mpm_event:notice] [pid 2073270:tid 139776132863104] AH00493: SIGUSR1 received.  Doing graceful restart
[Fri Apr 28 17:14:16.143994 2023] [fcgid:info] [pid 2165638:tid 139776132863104] mod_fcgid: process /usr/bin/env(2166014) exit(shutting down), terminated by calling exit(), return code: 0
[Fri Apr 28 17:14:16.144029 2023] [fcgid:info] [pid 2165638:tid 139776132863104] mod_fcgid: Process manager 2165638 stopped
AH00112: Warning: DocumentRoot [/home/raphaelfernandez/www/public/index.php/] does not exist
[Fri Apr 28 17:14:16.153607 2023] [mpm_event:notice] [pid 2073270:tid 139776132863104] AH00489: Apache/2.4.54 (Unix) mod_fcgid/2.3.9 configured -- resuming normal operations
[Fri Apr 28 17:14:16.153617 2023] [mpm_event:info] [pid 2073270:tid 139776132863104] AH00490: Server built: Aug 23 2022 08:24:29
[Fri Apr 28 17:14:16.153622 2023] [core:notice] [pid 2073270:tid 139776132863104] AH00094: Command line: '/usr/alwaysdata/apache/2.4.54/bin/apache -f /home/raphaelfernandez/admin/config/apache/apache.conf -D FOREGROUND'
[Fri Apr 28 17:14:16.153713 2023] [fcgid:info] [pid 2227587:tid 139776132863104] mod_fcgid: Process manager 2227587 started
[Fri Apr 28 17:14:16.750828 2023] [fcgid:info] [pid 2227587:tid 139776132863104] mod_fcgid: server raphaelfernandez.alwaysdata.net:/usr/bin/env(2227891) started
[Fri Apr 28 17:14:18.914509 2023] [fcgid:warn] [pid 2227588:tid 139776099493632] [client 92.158.68.246:0] mod_fcgid: stderr: [critical] Uncaught PHP Exception Doctrine\\DBAL\\Exception\\ConnectionException: "An exception occurred in the driver: SQLSTATE[08006] [7] connection to server at "127.0.0.1", port 5432 failed: Connection refused, referer: https://raphaelfernandez.alwaysdata.net/
[Fri Apr 28 17:14:18.914552 2023] [fcgid:warn] [pid 2227588:tid 139776099493632] [client 92.158.68.246:0] mod_fcgid: stderr: \tIs the server running on that host and accepting TCP/IP connections?" at /home/raphaelfernandez/www/vendor/doctrine/dbal/src/Driver/API/PostgreSQL/ExceptionConverter.php line 77, referer: https://raphaelfernandez.alwaysdata.net/
[Fri Apr 28 17:16:57.946868 2023] [mpm_event:notice] [pid 2073270:tid 139776132863104] AH00493: SIGUSR1 received.  Doing graceful restart
[Fri Apr 28 17:16:58.034824 2023] [fcgid:info] [pid 2227587:tid 139776132863104] mod_fcgid: process /usr/bin/env(2227891) exit(shutting down), terminated by calling exit(), return code: 0
[Fri Apr 28 17:16:58.034867 2023] [fcgid:info] [pid 2227587:tid 139776132863104] mod_fcgid: Process manager 2227587 stopped
AH00112: Warning: DocumentRoot [/home/raphaelfernandez/www/public/index.php/] does not exist
[Fri Apr 28 17:16:58.040508 2023] [mpm_event:notice] [pid 2073270:tid 139776132863104] AH00489: Apache/2.4.54 (Unix) mod_fcgid/2.3.9 configured -- resuming normal operations
[Fri Apr 28 17:16:58.040522 2023] [mpm_event:info] [pid 2073270:tid 139776132863104] AH00490: Server built: Aug 23 2022 08:24:29
[Fri Apr 28 17:16:58.040533 2023] [core:notice] [pid 2073270:tid 139776132863104] AH00094: Command line: '/usr/alwaysdata/apache/2.4.54/bin/apache -f /home/raphaelfernandez/admin/config/apache/apache.conf -D FOREGROUND'
[Fri Apr 28 17:16:58.040569 2023] [fcgid:info] [pid 2237042:tid 139776132863104] mod_fcgid: Process manager 2237042 started
[Fri Apr 28 17:17:52.259827 2023] [mpm_event:notice] [pid 2073270:tid 139776132863104] AH00493: SIGUSR1 received.  Doing graceful restart
[Fri Apr 28 17:17:52.282480 2023] [fcgid:info] [pid 2237042:tid 139776132863104] mod_fcgid: Process manager 2237042 stopped
AH00112: Warning: DocumentRoot [/home/raphaelfernandez/www/public/index.php/] does not exist
[Fri Apr 28 17:17:52.312757 2023] [mpm_event:notice] [pid 2073270:tid 139776132863104] AH00489: Apache/2.4.54 (Unix) mod_fcgid/2.3.9 configured -- resuming normal operations
[Fri Apr 28 17:17:52.312795 2023] [fcgid:info] [pid 2239440:tid 139776132863104] mod_fcgid: Process manager 2239440 started
[Fri Apr 28 17:17:52.313947 2023] [mpm_event:info] [pid 2073270:tid 139776132863104] AH00490: Server built: Aug 23 2022 08:24:29
[Fri Apr 28 17:17:52.313957 2023] [core:notice] [pid 2073270:tid 139776132863104] AH00094: Command line: '/usr/alwaysdata/apache/2.4.54/bin/apache -f /home/raphaelfernandez/admin/config/apache/apache.conf -D FOREGROUND'
[Fri Apr 28 17:17:53.883121 2023] [fcgid:info] [pid 2239440:tid 139776132863104] mod_fcgid: server raphaelfernandez.alwaysdata.net:/usr/bin/env(2239751) started
[Fri Apr 28 17:17:57.268811 2023] [fcgid:warn] [pid 2239441:tid 139776099493632] [client 92.158.68.246:0] mod_fcgid: stderr: [critical] Uncaught PHP Exception Doctrine\\DBAL\\Exception\\TableNotFoundException: "An exception occurred while executing a query: SQLSTATE[42P01]: Undefined table: 7 ERROR:  relation "produits" does not exist, referer: https://raphaelfernandez.alwaysdata.net/
[Fri Apr 28 17:17:57.268860 2023] [fcgid:warn] [pid 2239441:tid 139776099493632] [client 92.158.68.246:0] mod_fcgid: stderr: LINE 1: ...ed_at_10, t0.categorie_id AS categorie_id_11 FROM produits t..., referer: https://raphaelfernandez.alwaysdata.net/
[Fri Apr 28 17:17:57.268862 2023] [fcgid:warn] [pid 2239441:tid 139776099493632] [client 92.158.68.246:0] mod_fcgid: stderr:                                                              ^" at /home/raphaelfernandez/www/vendor/doctrine/dbal/src/Driver/API/PostgreSQL/ExceptionConverter.php line 71, referer: https://raphaelfernandez.alwaysdata.net/
[Fri Apr 28 17:20:46.790856 2023] [mpm_event:notice] [pid 2073270:tid 139776132863104] AH00493: SIGUSR1 received.  Doing graceful restart
[Fri Apr 28 17:20:46.879683 2023] [fcgid:info] [pid 2239440:tid 139776132863104] mod_fcgid: process /usr/bin/env(2239751) exit(shutting down), terminated by calling exit(), return code: 0
[Fri Apr 28 17:20:46.879717 2023] [fcgid:info] [pid 2239440:tid 139776132863104] mod_fcgid: Process manager 2239440 stopped
AH00112: Warning: DocumentRoot [/home/raphaelfernandez/www/public/index.php/] does not exist
[Fri Apr 28 17:20:46.885686 2023] [mpm_event:notice] [pid 2073270:tid 139776132863104] AH00489: Apache/2.4.54 (Unix) mod_fcgid/2.3.9 configured -- resuming normal operations
[Fri Apr 28 17:20:46.885694 2023] [mpm_event:info] [pid 2073270:tid 139776132863104] AH00490: Server built: Aug 23 2022 08:24:29
[Fri Apr 28 17:20:46.885698 2023] [core:notice] [pid 2073270:tid 139776132863104] AH00094: Command line: '/usr/alwaysdata/apache/2.4.54/bin/apache -f /home/raphaelfernandez/admin/config/apache/apache.conf -D FOREGROUND'
[Fri Apr 28 17:20:46.885735 2023] [fcgid:info] [pid 2248805:tid 139776132863104] mod_fcgid: Process manager 2248805 started
[Fri Apr 28 17:20:50.087975 2023] [fcgid:info] [pid 2248805:tid 139776132863104] mod_fcgid: server raphaelfernandez.alwaysdata.net:/usr/bin/env(2249132) started
[Fri Apr 28 17:20:51.975667 2023] [fcgid:warn] [pid 2248806:tid 139775877048064] [client 92.158.68.246:0] mod_fcgid: stderr: [critical] Uncaught PHP Exception Doctrine\\DBAL\\Exception\\ConnectionException: "An exception occurred in the driver: SQLSTATE[08006] [7] connection to server at "127.0.0.1", port 5432 failed: Connection refused, referer: https://raphaelfernandez.alwaysdata.net/
[Fri Apr 28 17:20:51.975737 2023] [fcgid:warn] [pid 2248806:tid 139775877048064] [client 92.158.68.246:0] mod_fcgid: stderr: \tIs the server running on that host and accepting TCP/IP connections?" at /home/raphaelfernandez/www/vendor/doctrine/dbal/src/Driver/API/PostgreSQL/ExceptionConverter.php line 77, referer: https://raphaelfernandez.alwaysdata.net/
[Fri Apr 28 17:23:51.257876 2023] [mpm_event:notice] [pid 2073270:tid 139776132863104] AH00493: SIGUSR1 received.  Doing graceful restart
[Fri Apr 28 17:23:51.346744 2023] [fcgid:info] [pid 2248805:tid 139776132863104] mod_fcgid: process /usr/bin/env(2249132) exit(shutting down), terminated by calling exit(), return code: 0
[Fri Apr 28 17:23:51.346786 2023] [fcgid:info] [pid 2248805:tid 139776132863104] mod_fcgid: Process manager 2248805 stopped
AH00112: Warning: DocumentRoot [/home/raphaelfernandez/www/public/index.php/] does not exist
[Fri Apr 28 17:23:51.352858 2023] [mpm_event:notice] [pid 2073270:tid 139776132863104] AH00489: Apache/2.4.54 (Unix) mod_fcgid/2.3.9 configured -- resuming normal operations
[Fri Apr 28 17:23:51.352874 2023] [mpm_event:info] [pid 2073270:tid 139776132863104] AH00490: Server built: Aug 23 2022 08:24:29
[Fri Apr 28 17:23:51.352879 2023] [core:notice] [pid 2073270:tid 139776132863104] AH00094: Command line: '/usr/alwaysdata/apache/2.4.54/bin/apache -f /home/raphaelfernandez/admin/config/apache/apache.conf -D FOREGROUND'
[Fri Apr 28 17:23:51.352943 2023] [fcgid:info] [pid 2260049:tid 139776132863104] mod_fcgid: Process manager 2260049 started
[Fri Apr 28 17:23:52.818454 2023] [fcgid:info] [pid 2260049:tid 139776132863104] mod_fcgid: server raphaelfernandez.alwaysdata.net:/usr/bin/env(2260371) started
[Fri Apr 28 17:23:52.992593 2023] [fcgid:warn] [pid 2260050:tid 139776116279040] [client 92.158.68.246:0] mod_fcgid: stderr: [critical] Uncaught PHP Exception Doctrine\\DBAL\\Exception\\ConnectionException: "An exception occurred in the driver: SQLSTATE[08006] [7] connection to server at "127.0.0.1", port 5432 failed: Connection refused, referer: https://raphaelfernandez.alwaysdata.net/
[Fri Apr 28 17:23:52.992659 2023] [fcgid:warn] [pid 2260050:tid 139776116279040] [client 92.158.68.246:0] mod_fcgid: stderr: \tIs the server running on that host and accepting TCP/IP connections?" at /home/raphaelfernandez/www/vendor/doctrine/dbal/src/Driver/API/PostgreSQL/ExceptionConverter.php line 77, referer: https://raphaelfernandez.alwaysdata.net/
[Fri Apr 28 17:38:04.225458 2023] [fcgid:warn] [pid 2260050:tid 139775877048064] [client 92.158.68.246:0] mod_fcgid: stderr: [critical] Uncaught PHP Exception Doctrine\\DBAL\\Exception\\ConnectionException: "An exception occurred in the driver: SQLSTATE[08006] [7] connection to server at "127.0.0.1", port 5432 failed: Connection refused, referer: https://raphaelfernandez.alwaysdata.net/
[Fri Apr 28 17:38:04.225497 2023] [fcgid:warn] [pid 2260050:tid 139775877048064] [client 92.158.68.246:0] mod_fcgid: stderr: \tIs the server running on that host and accepting TCP/IP connections?" at /home/raphaelfernandez/www/vendor/doctrine/dbal/src/Driver/API/PostgreSQL/ExceptionConverter.php line 77, referer: https://raphaelfernandez.alwaysdata.net/
[Fri Apr 28 17:39:30.224710 2023] [mpm_event:notice] [pid 2073270:tid 139776132863104] AH00493: SIGUSR1 received.  Doing graceful restart
[Fri Apr 28 17:39:30.312468 2023] [fcgid:info] [pid 2260049:tid 139776132863104] mod_fcgid: process /usr/bin/env(2260371) exit(shutting down), terminated by calling exit(), return code: 0
[Fri Apr 28 17:39:30.312502 2023] [fcgid:info] [pid 2260049:tid 139776132863104] mod_fcgid: Process manager 2260049 stopped
AH00112: Warning: DocumentRoot [/home/raphaelfernandez/www/public/index.php/] does not exist
[Fri Apr 28 17:39:30.318499 2023] [mpm_event:notice] [pid 2073270:tid 139776132863104] AH00489: Apache/2.4.54 (Unix) mod_fcgid/2.3.9 configured -- resuming normal operations
[Fri Apr 28 17:39:30.318527 2023] [mpm_event:info] [pid 2073270:tid 139776132863104] AH00490: Server built: Aug 23 2022 08:24:29
[Fri Apr 28 17:39:30.318533 2023] [core:notice] [pid 2073270:tid 139776132863104] AH00094: Command line: '/usr/alwaysdata/apache/2.4.54/bin/apache -f /home/raphaelfernandez/admin/config/apache/apache.conf -D FOREGROUND'
[Fri Apr 28 17:39:30.318553 2023] [fcgid:info] [pid 2324865:tid 139776132863104] mod_fcgid: Process manager 2324865 started
[Fri Apr 28 17:39:32.106384 2023] [fcgid:info] [pid 2324865:tid 139776132863104] mod_fcgid: server raphaelfernandez.alwaysdata.net:/usr/bin/env(2325157) started
[Fri Apr 28 17:39:34.710223 2023] [fcgid:warn] [pid 2324866:tid 139775877048064] [client 92.158.68.246:0] mod_fcgid: stderr: [error] Uncaught PHP Exception Symfony\\Component\\HttpKernel\\Exception\\NotFoundHttpException: "No route found for "GET https://raphaelfernandez.alwaysdata.net/js/filtres.js" (from "https://raphaelfernandez.alwaysdata.net/produits")" at /home/raphaelfernandez/www/vendor/symfony/http-kernel/EventListener/RouterListener.php line 127, referer: https://raphaelfernandez.alwaysdata.net/produits
[Fri Apr 28 17:39:36.857902 2023] [fcgid:warn] [pid 2324866:tid 139775340177152] [client 92.158.68.246:0] mod_fcgid: stderr: [error] Uncaught PHP Exception Symfony\\Component\\HttpKernel\\Exception\\NotFoundHttpException: "No route found for "GET https://raphaelfernandez.alwaysdata.net/js/filtres.js" (from "https://raphaelfernandez.alwaysdata.net/produits")" at /home/raphaelfernandez/www/vendor/symfony/http-kernel/EventListener/RouterListener.php line 127, referer: https://raphaelfernandez.alwaysdata.net/produits
[Fri Apr 28 17:47:20.019539 2023] [mpm_event:notice] [pid 2073270:tid 139776132863104] AH00493: SIGUSR1 received.  Doing graceful restart
[Fri Apr 28 17:47:20.107486 2023] [fcgid:info] [pid 2324865:tid 139776132863104] mod_fcgid: process /usr/bin/env(2325157) exit(shutting down), terminated by calling exit(), return code: 0
[Fri Apr 28 17:47:20.107529 2023] [fcgid:info] [pid 2324865:tid 139776132863104] mod_fcgid: Process manager 2324865 stopped
AH00112: Warning: DocumentRoot [/home/raphaelfernandez/www/public/index.php/] does not exist
[Fri Apr 28 17:47:20.113256 2023] [mpm_event:notice] [pid 2073270:tid 139776132863104] AH00489: Apache/2.4.54 (Unix) mod_fcgid/2.3.9 configured -- resuming normal operations
[Fri Apr 28 17:47:20.113263 2023] [mpm_event:info] [pid 2073270:tid 139776132863104] AH00490: Server built: Aug 23 2022 08:24:29
[Fri Apr 28 17:47:20.113268 2023] [core:notice] [pid 2073270:tid 139776132863104] AH00094: Command line: '/usr/alwaysdata/apache/2.4.54/bin/apache -f /home/raphaelfernandez/admin/config/apache/apache.conf -D FOREGROUND'
[Fri Apr 28 17:47:20.113360 2023] [fcgid:info] [pid 2359293:tid 139776132863104] mod_fcgid: Process manager 2359293 started
[Fri Apr 28 17:47:21.769498 2023] [fcgid:info] [pid 2359293:tid 139776132863104] mod_fcgid: server raphaelfernandez.alwaysdata.net:/usr/bin/env(2359710) started
[Fri Apr 28 17:47:23.218414 2023] [fcgid:warn] [pid 2359294:tid 139775868655360] [client 92.158.68.246:0] mod_fcgid: stderr: [error] Uncaught PHP Exception Symfony\\Component\\HttpKernel\\Exception\\NotFoundHttpException: "No route found for "GET https://raphaelfernandez.alwaysdata.net/js/filtres.js" (from "https://raphaelfernandez.alwaysdata.net/produits")" at /home/raphaelfernandez/www/vendor/symfony/http-kernel/EventListener/RouterListener.php line 127, referer: https://raphaelfernandez.alwaysdata.net/produits
[Fri Apr 28 17:47:43.348993 2023] [fcgid:warn] [pid 2359294:tid 139775264675584] [client 92.158.68.246:0] mod_fcgid: stderr: [critical] Uncaught PHP Exception Doctrine\\DBAL\\Exception\\TableNotFoundException: "An exception occurred while executing a query: SQLSTATE[42P01]: Undefined table: 7 ERROR:  relation "user_id_seq" does not exist, referer: https://raphaelfernandez.alwaysdata.net/register
[Fri Apr 28 17:47:43.349023 2023] [fcgid:warn] [pid 2359294:tid 139775264675584] [client 92.158.68.246:0] mod_fcgid: stderr: LINE 1: SELECT NEXTVAL('"user_id_seq"'), referer: https://raphaelfernandez.alwaysdata.net/register
[Fri Apr 28 17:47:43.349032 2023] [fcgid:warn] [pid 2359294:tid 139775264675584] [client 92.158.68.246:0] mod_fcgid: stderr:                        ^" at /home/raphaelfernandez/www/vendor/doctrine/dbal/src/Driver/API/PostgreSQL/ExceptionConverter.php line 71, referer: https://raphaelfernandez.alwaysdata.net/register
[Fri Apr 28 17:49:05.368606 2023] [fcgid:warn] [pid 2359294:tid 139775231104768] [client 92.158.68.246:0] mod_fcgid: stderr: [error] Uncaught PHP Exception Symfony\\Component\\HttpKernel\\Exception\\NotFoundHttpException: "No route found for "GET https://raphaelfernandez.alwaysdata.net/js/filtres.js" (from "https://raphaelfernandez.alwaysdata.net/produits")" at /home/raphaelfernandez/www/vendor/symfony/http-kernel/EventListener/RouterListener.php line 127, referer: https://raphaelfernandez.alwaysdata.net/produits
[Fri Apr 28 17:51:00.065995 2023] [fcgid:warn] [pid 2359294:tid 139774258042624] [client 92.158.68.246:0] mod_fcgid: stderr: [critical] Uncaught PHP Exception Doctrine\\DBAL\\Exception\\TableNotFoundException: "An exception occurred while executing a query: SQLSTATE[42P01]: Undefined table: 7 ERROR:  relation "produits_id_seq" does not exist, referer: https://raphaelfernandez.alwaysdata.net/ajout
[Fri Apr 28 17:51:00.066025 2023] [fcgid:warn] [pid 2359294:tid 139774258042624] [client 92.158.68.246:0] mod_fcgid: stderr: LINE 1: SELECT NEXTVAL('produits_id_seq'), referer: https://raphaelfernandez.alwaysdata.net/ajout
[Fri Apr 28 17:51:00.066027 2023] [fcgid:warn] [pid 2359294:tid 139774258042624] [client 92.158.68.246:0] mod_fcgid: stderr:                        ^" at /home/raphaelfernandez/www/vendor/doctrine/dbal/src/Driver/API/PostgreSQL/ExceptionConverter.php line 71, referer: https://raphaelfernandez.alwaysdata.net/ajout
[Fri Apr 28 17:55:29.689545 2023] [fcgid:warn] [pid 2359294:tid 139773712779008] [client 92.158.68.246:0] mod_fcgid: stderr: [error] Uncaught PHP Exception Symfony\\Component\\HttpKernel\\Exception\\NotFoundHttpException: "No route found for "GET https://raphaelfernandez.alwaysdata.net/js/filtres.js" (from "https://raphaelfernandez.alwaysdata.net/produits")" at /home/raphaelfernandez/www/vendor/symfony/http-kernel/EventListener/RouterListener.php line 127, referer: https://raphaelfernandez.alwaysdata.net/produits
[Fri Apr 28 17:55:31.014610 2023] [fcgid:warn] [pid 2359294:tid 139773184300800] [client 92.158.68.246:0] mod_fcgid: stderr: [error] Uncaught PHP Exception Symfony\\Component\\HttpKernel\\Exception\\NotFoundHttpException: "No route found for "GET https://raphaelfernandez.alwaysdata.net/js/filtres.js" (from "https://raphaelfernandez.alwaysdata.net/produits")" at /home/raphaelfernandez/www/vendor/symfony/http-kernel/EventListener/RouterListener.php line 127, referer: https://raphaelfernandez.alwaysdata.net/produits
[Fri Apr 28 17:55:45.612987 2023] [fcgid:warn] [pid 2359294:tid 139773167515392] [client 92.158.68.246:0] mod_fcgid: stderr: [error] Uncaught PHP Exception Symfony\\Component\\HttpKernel\\Exception\\NotFoundHttpException: "No route found for "GET https://raphaelfernandez.alwaysdata.net/ajoutcategorie"" at /home/raphaelfernandez/www/vendor/symfony/http-kernel/EventListener/RouterListener.php line 127
[Fri Apr 28 17:55:50.682194 2023] [fcgid:warn] [pid 2359294:tid 139773150729984] [client 92.158.68.246:0] mod_fcgid: stderr: [error] Uncaught PHP Exception Symfony\\Component\\HttpKernel\\Exception\\NotFoundHttpException: "No route found for "GET https://raphaelfernandez.alwaysdata.net/ajoutcategories"" at /home/raphaelfernandez/www/vendor/symfony/http-kernel/EventListener/RouterListener.php line 127
[Fri Apr 28 17:58:40.614496 2023] [fcgid:warn] [pid 2359294:tid 139772639037184] [client 92.158.68.246:0] mod_fcgid: stderr: [critical] Uncaught PHP Exception Doctrine\\DBAL\\Exception\\TableNotFoundException: "An exception occurred while executing a query: SQLSTATE[42P01]: Undefined table: 7 ERROR:  relation "categorie_id_seq" does not exist, referer: https://raphaelfernandez.alwaysdata.net/ajoutCategorie
[Fri Apr 28 17:58:40.614542 2023] [fcgid:warn] [pid 2359294:tid 139772639037184] [client 92.158.68.246:0] mod_fcgid: stderr: LINE 1: SELECT NEXTVAL('categorie_id_seq'), referer: https://raphaelfernandez.alwaysdata.net/ajoutCategorie
[Fri Apr 28 17:58:40.614545 2023] [fcgid:warn] [pid 2359294:tid 139772639037184] [client 92.158.68.246:0] mod_fcgid: stderr:                        ^" at /home/raphaelfernandez/www/vendor/doctrine/dbal/src/Driver/API/PostgreSQL/ExceptionConverter.php line 71, referer: https://raphaelfernandez.alwaysdata.net/ajoutCategorie
[Fri Apr 28 18:02:32.575549 2023] [fcgid:warn] [pid 2359294:tid 139772622251776] [client 92.158.68.246:0] mod_fcgid: stderr: [critical] Uncaught PHP Exception Doctrine\\DBAL\\Exception\\TableNotFoundException: "An exception occurred while executing a query: SQLSTATE[42P01]: Undefined table: 7 ERROR:  relation "categorie_id_seq" does not exist, referer: https://raphaelfernandez.alwaysdata.net/ajoutCategorie
[Fri Apr 28 18:02:32.575576 2023] [fcgid:warn] [pid 2359294:tid 139772622251776] [client 92.158.68.246:0] mod_fcgid: stderr: LINE 1: SELECT NEXTVAL('categorie_id_seq'), referer: https://raphaelfernandez.alwaysdata.net/ajoutCategorie
[Fri Apr 28 18:02:32.575578 2023] [fcgid:warn] [pid 2359294:tid 139772622251776] [client 92.158.68.246:0] mod_fcgid: stderr:                        ^" at /home/raphaelfernandez/www/vendor/doctrine/dbal/src/Driver/API/PostgreSQL/ExceptionConverter.php line 71, referer: https://raphaelfernandez.alwaysdata.net/ajoutCategorie
